[OrderedDict([('enum', 'Status'), ('data', ['good', 'bad', 'ugly'])])]
['Status']
[]
